// Jest Snapshot v1, https://goo.gl/fbAQLP

exports[`test completed 1`] = `
"Performance report for your page. Learn more about Calibre's Single Page Tests ↗ (https://calibreapp.com/docs/automation/single-page-tests)

### Test summary

┌──────────────────────────────────────────────┬────────────────────────────────────────┬─────────────────┬──────────────────┬──────────────────┐
│ Tested Page                                  │ Test Status                            │ Test Location   │ Device Emulation │ Connection Speed │
├──────────────────────────────────────────────┼────────────────────────────────────────┼─────────────────┼──────────────────┼──────────────────┤
│ Inspect tested page (https://calibreapp.com) │ ✅ Completed (Inspect test (test-url)) │ 💻 Local laptop │ Chrome Desktop   │ Cable            │
└──────────────────────────────────────────────┴────────────────────────────────────────┴─────────────────┴──────────────────┴──────────────────┘

### Core Web Vitals

  Core Web Vitals assessment failed. Learn more about Core Web Vitals ↗ (https://calibreapp.com/blog/core-web-vitals)

┌──────────────────────────┬─────────────────────────┬─────────────────────┐
│ Largest Contentful Paint │ Cumulative Layout Shift │ Total Blocking Time │
├──────────────────────────┼─────────────────────────┼─────────────────────┤
│ 3748 sec (⚠️ To improve) │ 16 (✅ Good)            │ 2742 sec (❌ Poor)  │
└──────────────────────────┴─────────────────────────┴─────────────────────┘

### Assets transferred

┌─────────────────────────┬────────┐
│ Metric                  │ Value  │
├─────────────────────────┼────────┤
│ Total Js Transferred    │ 93 KB  │
├─────────────────────────┼────────┤
│ Total Html Transferred  │ 27 KB  │
├─────────────────────────┼────────┤
│ Total Image Transferred │ 16 KB  │
├─────────────────────────┼────────┤
│ Total Css Transferred   │ 74 KB  │
├─────────────────────────┼────────┤
│ Total Font Transferred  │ 62 KB  │
├─────────────────────────┼────────┤
│ Total Video Transferred │ 55 KB  │
├─────────────────────────┼────────┤
│ Total Json Transferred  │ 71 KB  │
├─────────────────────────┼────────┤
│ Total Transferred       │ 400 KB │
└─────────────────────────┴────────┘

"
`;

exports[`test errored 1`] = `
"## Error markdown here

"
`;

exports[`test incomplete 1`] = `
"Test in progress

"
`;

exports[`test timeout 1`] = `
"## Timeout markdown here

"
`;
