// Jest Snapshot v1, https://goo.gl/fbAQLP

exports[`site delete-deploy deletes deploy 1`] = `
"- Connecting to Calibre
âœ” Deploy deleted: 8c68b9f6-b5bf-49bc-abd7-896db6338818"
`;

exports[`site delete-deploy requires uuid 1`] = `
"

 Missing required argument: uuid 

 --- Command documentation
 calibre site delete-deploy [options]

Deletes a deploy from a site

Options:

  --help     Show help                                                 [boolean]
  --version  Show version number                                       [boolean]
  --uuid     The uuid of the deploy                                   [required]
  --site     The identifying slug of a site                  [string] [required]
  --confirm  Confirm the deletion
  --json     Return the output in JSON format"
`;
