// Jest Snapshot v1, https://goo.gl/fbAQLP

exports[`request missing query argument 1`] = `
"

 Missing required argument: query 

 --- Command documentation
 calibre request

Make a request to the Calibre GraphQL API

Options:

  --help       Show help                                               [boolean]
  --version    Show version number                                     [boolean]
  --query      GraphQL query to execute                      [string] [required]
  --variables  Pass query variables as named arguments

Examples:
  calibre request --query='query GetSite($slug: String!)
  {organisation{site(slug: $slug){slug}}}' --slug=calibre"
`;

exports[`request returns response 1`] = `
"{
  \\"organisation\\": {
    \\"site\\": {
      \\"slug\\": \\"calibre\\"
    }
  }
}"
`;
